#
# There is insufficient memory for the Java Runtime Environment to continue.
# Native memory allocation (mmap) failed to map 123731968 bytes for G1 virtual space
# Possible reasons:
#   The system is out of physical RAM or swap space
#   The process is running with CompressedOops enabled, and the Java Heap may be blocking the growth of the native heap
# Possible solutions:
#   Reduce memory load on the system
#   Increase physical memory or swap space
#   Check if swap backing store is full
#   Decrease Java heap size (-Xmx/-Xms)
#   Decrease number of Java threads
#   Decrease Java thread stack sizes (-Xss)
#   Set larger code cache with -XX:ReservedCodeCacheSize=
#   JVM is running with Unscaled Compressed Oops mode in which the Java heap is
#     placed in the first 4GB address space. The Java Heap base address is the
#     maximum limit for the native heap growth. Please use -XX:HeapBaseMinAddress
#     to set the Java Heap base and to place the Java Heap above 4GB virtual address.
# This output file may be truncated or incomplete.
#
#  Out of Memory Error (os_windows.cpp:3530), pid=1376, tid=9788
#
# JRE version:  (18.0.2+9) (build )
# Java VM: Java HotSpot(TM) 64-Bit Server VM (18.0.2+9-61, mixed mode, sharing, tiered, compressed oops, compressed class ptrs, g1 gc, windows-amd64)
# No core dump will be written. Minidumps are not enabled by default on client versions of Windows
#

---------------  S U M M A R Y ------------

Command Line: -javaagent:C:\Users\satya\IntelliJ IDEA Community Edition 2022.1.4\lib\idea_rt.jar=60186:C:\Users\satya\IntelliJ IDEA Community Edition 2022.1.4\bin -Dfile.encoding=UTF-8 practice

Host: AMD Ryzen 5 4600H with Radeon Graphics         , 12 cores, 7G,  Windows 11 , 64 bit Build 22621 (10.0.22621.2428)
Time: Thu Nov  2 14:15:23 2023 India Standard Time elapsed time: 0.012844 seconds (0d 0h 0m 0s)

---------------  T H R E A D  ---------------

Current thread (0x00000262bf69bb40):  JavaThread "Unknown thread" [_thread_in_vm, id=9788, stack(0x0000008b33500000,0x0000008b33600000)]

Stack: [0x0000008b33500000,0x0000008b33600000]
Native frames: (J=compiled Java code, j=interpreted, Vv=VM code, C=native code)
V  [jvm.dll+0x6993ca]
V  [jvm.dll+0x7f481d]
V  [jvm.dll+0x7f612e]
V  [jvm.dll+0x7f67e3]
V  [jvm.dll+0x25cdaf]
V  [jvm.dll+0x696319]
V  [jvm.dll+0x68ae4a]
V  [jvm.dll+0x3223eb]
V  [jvm.dll+0x329dc6]
V  [jvm.dll+0x37eade]
V  [jvm.dll+0x37ed0f]
V  [jvm.dll+0x2fa16a]
V  [jvm.dll+0x2fb1cd]
V  [jvm.dll+0x7c3450]
V  [jvm.dll+0x38be61]
V  [jvm.dll+0x7a2073]
V  [jvm.dll+0x40dc3f]
V  [jvm.dll+0x40f611]
C  [jli.dll+0x526b]
C  [ucrtbase.dll+0x29363]
C  [KERNEL32.DLL+0x1257d]
C  [ntdll.dll+0x5aa78]


---------------  P R O C E S S  ---------------

Threads class SMR info:
_java_thread_list=0x00007ffc44a2e550, length=0, elements={
}

Java Threads: ( => current thread )

Other Threads:
  0x00000262bf6f7f90 WorkerThread "GC Thread#0" [stack: 0x0000008b33600000,0x0000008b33700000] [id=7164]
  0x00000262bf707ac0 ConcurrentGCThread "G1 Main Marker" [stack: 0x0000008b33700000,0x0000008b33800000] [id=14228]
  0x00000262bf7084b0 WorkerThread "G1 Conc#0" [stack: 0x0000008b33800000,0x0000008b33900000] [id=3936]

[error occurred during error reporting (printing all threads), id 0xc0000005, EXCEPTION_ACCESS_VIOLATION (0xc0000005) at pc=0x00007ffc4425a707]

VM state: not at safepoint (not fully initialized)

VM Mutex/Monitor currently owned by a thread:  ([mutex/lock_event])
[0x00000262bf697da0] Heap_lock - owner thread: 0x00000262bf69bb40

Heap address: 0x000000008a000000, size: 1888 MB, Compressed Oops mode: 32-bit

CDS archive(s) mapped at: [0x0000000000000000-0x0000000000000000-0x0000000000000000), size 0, SharedBaseAddress: 0x0000000800000000, ArchiveRelocationMode: 0.
Narrow klass base: 0x0000000000000000, Narrow klass shift: 0, Narrow klass range: 0x0

GC Precious Log:
 CardTable entry size: 512
 Card Set container configuration: InlinePtr #cards 5 size 8 Array Of Cards #cards 12 size 40 Howl #buckets 4 coarsen threshold 1843 Howl Bitmap #cards 512 size 80 coarsen threshold 460 Card regions per heap region 1 cards per card region 2048

Heap:
 garbage-first heap   total 0K, used 0K [0x000000008a000000, 0x0000000100000000)
  region size 1024K, 0 young (0K), 0 survivors (0K)

[error occurred during error reporting (printing heap information), id 0xc0000005, EXCEPTION_ACCESS_VIOLATION (0xc0000005) at pc=0x00007ffc44641859]

GC Heap History (0 events):
No events

Deoptimization events (0 events):
No events

Classes loaded (0 events):
No events

Classes unloaded (0 events):
No events

Classes redefined (0 events):
No events

Internal exceptions (0 events):
No events

VM Operations (0 events):
No events

Events (1 events):
Event: 0.009 Loaded shared library C:\Program Files\Java\jdk-18.0.2\bin\java.dll


Dynamic libraries:
0x00007ff73fb50000 - 0x00007ff73fb60000 	C:\Program Files\Java\jdk-18.0.2\bin\java.exe
0x00007ffc93030000 - 0x00007ffc93247000 	C:\WINDOWS\SYSTEM32\ntdll.dll
0x00007ffc927b0000 - 0x00007ffc92874000 	C:\WINDOWS\System32\KERNEL32.DLL
0x00007ffc903b0000 - 0x00007ffc90756000 	C:\WINDOWS\System32\KERNELBASE.dll
0x00007ffc90a30000 - 0x00007ffc90b41000 	C:\WINDOWS\System32\ucrtbase.dll
0x00007ffc8b680000 - 0x00007ffc8b698000 	C:\Program Files\Java\jdk-18.0.2\bin\jli.dll
0x00007ffc92d70000 - 0x00007ffc92e20000 	C:\WINDOWS\System32\ADVAPI32.dll
0x00007ffc92280000 - 0x00007ffc92327000 	C:\WINDOWS\System32\msvcrt.dll
0x00007ffc896d0000 - 0x00007ffc896ea000 	C:\Program Files\Java\jdk-18.0.2\bin\VCRUNTIME140.dll
0x00007ffc90dd0000 - 0x00007ffc90e76000 	C:\WINDOWS\System32\sechost.dll
0x00007ffc92ea0000 - 0x00007ffc92fb7000 	C:\WINDOWS\System32\RPCRT4.dll
0x00007ffc90fd0000 - 0x00007ffc9117d000 	C:\WINDOWS\System32\USER32.dll
0x00007ffc90bf0000 - 0x00007ffc90c16000 	C:\WINDOWS\System32\win32u.dll
0x00007ffc7f820000 - 0x00007ffc7fab3000 	C:\WINDOWS\WinSxS\amd64_microsoft.windows.common-controls_6595b64144ccf1df_6.0.22621.2361_none_2712ced57382f843\COMCTL32.dll
0x00007ffc92fc0000 - 0x00007ffc92fe9000 	C:\WINDOWS\System32\GDI32.dll
0x00007ffc90910000 - 0x00007ffc90a28000 	C:\WINDOWS\System32\gdi32full.dll
0x00007ffc90b50000 - 0x00007ffc90bea000 	C:\WINDOWS\System32\msvcp_win.dll
0x00007ffc86d30000 - 0x00007ffc86d3a000 	C:\WINDOWS\SYSTEM32\VERSION.dll
0x00007ffc90d90000 - 0x00007ffc90dc1000 	C:\WINDOWS\System32\IMM32.DLL
0x00007ffc8b670000 - 0x00007ffc8b67c000 	C:\Program Files\Java\jdk-18.0.2\bin\vcruntime140_1.dll
0x00007ffc80a70000 - 0x00007ffc80afd000 	C:\Program Files\Java\jdk-18.0.2\bin\msvcp140.dll
0x00007ffc43f50000 - 0x00007ffc44b61000 	C:\Program Files\Java\jdk-18.0.2\bin\server\jvm.dll
0x00007ffc92880000 - 0x00007ffc92888000 	C:\WINDOWS\System32\PSAPI.DLL
0x00007ffc830e0000 - 0x00007ffc830e9000 	C:\WINDOWS\SYSTEM32\WSOCK32.dll
0x00007ffc875b0000 - 0x00007ffc875e4000 	C:\WINDOWS\SYSTEM32\WINMM.dll
0x00007ffc92e20000 - 0x00007ffc92e91000 	C:\WINDOWS\System32\WS2_32.dll
0x00007ffc8f3c0000 - 0x00007ffc8f3d8000 	C:\WINDOWS\SYSTEM32\kernel.appcore.dll
0x00007ffc89bf0000 - 0x00007ffc89bfa000 	C:\Program Files\Java\jdk-18.0.2\bin\jimage.dll
0x00007ffc8dd80000 - 0x00007ffc8dfae000 	C:\WINDOWS\SYSTEM32\DBGHELP.DLL
0x00007ffc91530000 - 0x00007ffc918ba000 	C:\WINDOWS\System32\combase.dll
0x00007ffc918c0000 - 0x00007ffc91997000 	C:\WINDOWS\System32\OLEAUT32.dll
0x00007ffc75720000 - 0x00007ffc75752000 	C:\WINDOWS\SYSTEM32\dbgcore.DLL
0x00007ffc90760000 - 0x00007ffc907da000 	C:\WINDOWS\System32\bcryptPrimitives.dll
0x00007ffc89790000 - 0x00007ffc8979e000 	C:\Program Files\Java\jdk-18.0.2\bin\instrument.dll
0x00007ffc80a40000 - 0x00007ffc80a65000 	C:\Program Files\Java\jdk-18.0.2\bin\java.dll

dbghelp: loaded successfully - version: 4.0.5 - missing functions: none
symbol engine: initialized successfully - sym options: 0x614 - pdb path: .;C:\Program Files\Java\jdk-18.0.2\bin;C:\WINDOWS\SYSTEM32;C:\WINDOWS\WinSxS\amd64_microsoft.windows.common-controls_6595b64144ccf1df_6.0.22621.2361_none_2712ced57382f843;C:\Program Files\Java\jdk-18.0.2\bin\server

VM Arguments:
jvm_args: -javaagent:C:\Users\satya\IntelliJ IDEA Community Edition 2022.1.4\lib\idea_rt.jar=60186:C:\Users\satya\IntelliJ IDEA Community Edition 2022.1.4\bin -Dfile.encoding=UTF-8 
java_command: practice
java_class_path (initial): F:\code\projects\chat app\out\production\chat app
Launcher Type: SUN_STANDARD

[Global flags]
     intx CICompilerCount                          = 4                                         {product} {ergonomic}
     uint ConcGCThreads                            = 3                                         {product} {ergonomic}
     uint G1ConcRefinementThreads                  = 10                                        {product} {ergonomic}
   size_t G1HeapRegionSize                         = 1048576                                   {product} {ergonomic}
    uintx GCDrainStackTargetSize                   = 64                                        {product} {ergonomic}
   size_t InitialHeapSize                          = 123731968                                 {product} {ergonomic}
   size_t MarkStackSize                            = 4194304                                   {product} {ergonomic}
   size_t MaxHeapSize                              = 1979711488                                {product} {ergonomic}
   size_t MinHeapDeltaBytes                        = 1048576                                   {product} {ergonomic}
   size_t MinHeapSize                              = 8388608                                   {product} {ergonomic}
    uintx NonNMethodCodeHeapSize                   = 5839372                                {pd product} {ergonomic}
    uintx NonProfiledCodeHeapSize                  = 122909434                              {pd product} {ergonomic}
    uintx ProfiledCodeHeapSize                     = 122909434                              {pd product} {ergonomic}
    uintx ReservedCodeCacheSize                    = 251658240                              {pd product} {ergonomic}
     bool SegmentedCodeCache                       = true                                      {product} {ergonomic}
   size_t SoftMaxHeapSize                          = 1979711488                             {manageable} {ergonomic}
     bool UseCompressedClassPointers               = true                           {product lp64_product} {ergonomic}
     bool UseCompressedOops                        = true                           {product lp64_product} {ergonomic}
     bool UseG1GC                                  = true                                      {product} {ergonomic}
     bool UseLargePagesIndividualAllocation        = false                                  {pd product} {ergonomic}

Logging:
Log output configuration:
 #0: stdout all=warning uptime,level,tags foldmultilines=false
 #1: stderr all=off uptime,level,tags foldmultilines=false

Environment Variables:
PATH=C:\Program Files\Common Files\Oracle\Java\javapath;C:\Windows\system32;C:\Windows;C:\Windows\System32\Wbem;C:\Windows\System32\WindowsPowerShell\v1.0\;C:\Windows\System32\OpenSSH\;C:\Program Files (x86)\NVIDIA Corporation\PhysX\Common;C:\Program Files\NVIDIA Corporation\NVIDIA NvDLISR;C:\MinGW\bin;C:\WINDOWS\system32;C:\WINDOWS;C:\WINDOWS\System32\Wbem;C:\WINDOWS\System32\WindowsPowerShell\v1.0\;C:\WINDOWS\System32\OpenSSH\;C:\Program Files\MySQL\MySQL Server 8.0\bin;C:\Program Files\nodejs\;C:\Program Files\MySQL\MySQL Shell 8.0\bin\;C:\Users\satya\AppData\Local\Microsoft\WindowsApps;C:\Users\satya\IntelliJ IDEA Community Edition 2022.1.4\bin;;C:\Users\satya\AppData\Local\Programs\Microsoft VS Code\bin;C:\Users\satya\AppData\Roaming\npm;C:\MinGW\bin;C:\MinGW\bin;
USERNAME=satyam sharma
OS=Windows_NT
PROCESSOR_IDENTIFIER=AMD64 Family 23 Model 96 Stepping 1, AuthenticAMD



---------------  S Y S T E M  ---------------

OS:
 Windows 11 , 64 bit Build 22621 (10.0.22621.2428)
OS uptime: 6 days 0:17 hours
Hyper-V role detected

CPU: total 12 (initial active 12) (12 cores per cpu, 2 threads per core) family 23 model 96 stepping 1 microcode 0x0, cx8, cmov, fxsr, ht, mmx, 3dnowpref, sse, sse2, sse3, ssse3, sse4a, sse4.1, sse4.2, popcnt, lzcnt, tsc, tscinvbit, avx, avx2, aes, clmul, bmi1, bmi2, adx, sha, fma, vzeroupper, clflush, clflushopt, hv

Memory: 4k page, system-wide physical 7549M (593M free)
TotalPageFile size 11645M (AvailPageFile size 56M)
current process WorkingSet (physical memory assigned to process): 11M, peak: 11M
current process commit charge ("private bytes"): 64M, peak: 182M

vm_info: Java HotSpot(TM) 64-Bit Server VM (18.0.2+9-61) for windows-amd64 JRE (18.0.2+9-61), built on Jun  7 2022 13:09:01 by "mach5one" with MS VC++ 16.8 / 16.9 (VS2019)

END.
